[hyperframes] Using system Chrome at /usr/bin/google-chrome; HeadlessExperimental.beginFrame is unavailable in regular Chrome builds, so the perf-optimized capture path falls back to screenshot mode. Install chrome-headless-shell for the optimized path:
  npx @puppeteer/browsers install chrome-headless-shell
(Or set HYPERFRAMES_BROWSER_PATH to point at an existing chrome-headless-shell binary.)
[hyperframes] browserGpuMode auto → hardware (WebGL probe succeeded)
[hyperframes] Using system Chrome at /usr/bin/google-chrome; HeadlessExperimental.beginFrame is unavailable in regular Chrome builds, so the perf-optimized capture path falls back to screenshot mode. Install chrome-headless-shell for the optimized path:
  npx @puppeteer/browsers install chrome-headless-shell
(Or set HYPERFRAMES_BROWSER_PATH to point at an existing chrome-headless-shell binary.)
[hyperframes] browserGpuMode auto → hardware (WebGL probe succeeded)

✗  Render failed

   Protocol error (Page.captureScreenshot): Target closed
   Try --docker for containerized rendering

[hyperframes] browserGpuMode auto → hardware (WebGL probe succeeded)
[hyperframes] browserGpuMode auto → hardware (WebGL probe succeeded)
[hyperframes] browserGpuMode auto → hardware (WebGL probe succeeded)
[hyperframes] browserGpuMode auto → hardware (WebGL probe succeeded)
[hyperframes] browserGpuMode auto → hardware (WebGL probe succeeded)
[WARN] [Compiler] No deterministic font mapping for: at, monospace">AI 自动化了那部分<span class="em">从来不是真正难点</span>的工作</span></div>
          <div class="term-cmd2 tc2"><span class="dim">判断为谁做、需要什么、会不会付钱</span> <span class="em">—— 这些还是你的</span><span class="cur sm cblink"></span></div>
        </div>
      </div>

      <div class="endchip signoff"><span class="dot"></span><span class="lab">精读AI · 下期再见</span></div>
    </div>

    <div id="sub-1" class="clip sub" data-start="0.016" data-duration="7.738" data-track-index="5"><div class="sub-inner">这十条诫命背后只有一个共同的敌人：所有让你感觉在前进、但实际上在<span class="sub-k">回避第一手现实</span>的东西。</div></div>
    <div id="sub-2" class="clip sub" data-start="7.936" data-duration="2.148" data-track-index="5"><div class="sub-inner"><span class="sub-k">读日志</span>而不是看用户。</div></div>
    <div id="sub-3" class="clip sub" data-start="10.094" data-duration="2.364" data-track-index="5"><div class="sub-inner">用自己的<span class="sub-k">品味</span>认证市场。</div></div>
    <div id="sub-4" class="clip sub" data-start="12.468" data-duration="3.011" data-track-index="5"><div class="sub-inner">让 AI 搭好<span class="sub-k">架构</span>再找客户。</div></div>
    <div id="sub-5" class="clip sub" data-start="15.489" data-duration="2.147" data-track-index="5"><div class="sub-inner">用<span class="sub-k">代码行数</span>衡量进展。</div></div>
    <div id="sub-6" class="clip sub" data-start="17.8" data-duration="5.822" data-track-index="5"><div class="sub-inner">这些动作以前就存在，只是当时代价够大，你不太容易<span class="sub-k">沉迷</span>其中。</div></div>
    <div id="sub-7" class="clip sub" data-start="23.632" data-duration="10.649" data-track-index="5"><div class="sub-inner">现在 AI 把建造成本降到了接近零，所有这些逃避手段都披上了<span class="sub-k">「效率」和「生产力」</span>的外衣，变得几乎无法识别。</div></div>
    <div id="sub-8" class="clip sub" data-start="34.432" data-duration="4.023" data-track-index="5"><div class="sub-inner">文章结尾有一句话，我觉得是这篇文章的<span class="sub-k">核心</span>：</div></div>
    <div id="sub-9" class="clip sub" data-start="38.608" data-duration="4.118" data-track-index="5"><div class="sub-inner">AI 自动化了那部分<span class="sub-k">从来都不是真正难点</span>的工作。</div></div>
    <div id="sub-10" class="clip sub" data-start="42.736" data-duration="7.709" data-track-index="5"><div class="sub-inner">真正难的那部分——判断你是<span class="sub-k">为谁做的、他们需要什么、他们会不会回来付钱</span>——这些还是你的。</div></div>
    <div id="sub-11" class="clip sub" data-start="50.596" data-duration="10.037" data-track-index="5"><div class="sub-inner">所以下次当你发现自己在想「再搭好这个架构就去找用户」，或者「再加这个功能就发布」——那个<span class="sub-k">念头本身就是信号</span>。</div></div>
    <div id="sub-12" class="clip sub" data-start="60.784" data-duration="3.814" data-track-index="5"><div class="sub-inner">去找一个<span class="sub-k">真实的人</span>，坐在他旁边，看他怎么用。</div></div>
    <div id="sub-13" class="clip sub" data-start="64.78" data-duration="3.898" data-track-index="5"><div class="sub-inner">AI 世界很吵，<span class="sub-k">精读一篇，胜过刷一百条</span>。</div></div>
    <div id="sub-14" class="clip sub" data-start="68.688" data-duration="1.357" data-track-index="5"><div class="sub-inner">我们<span class="sub-k">下期再见</span>。</div></div>
  </div>

  
  
<script>/* ============================================================================
   d2-motion.js —— GSAP 动效助手(全片统一性格:工程式利落)
   内联进每个场景的 script 块(GSAP 3.14 先于本段加载)。
   全局命名空间 window.D2。所有动画只动 transform / opacity / color / backgroundColor。
   禁:弹性/回弹 ease、repeat:-1、Date.now/Math.random。timeline 同步构建。

   两种用法:
   1) 低阶助手:在自写 timeline 里调 D2.enter(tl, opts) 等(精修范本用, sel, spec) 一把声明式建好(生成器默认用)。
   ============================================================================ */
(function(), 控制最细)。
   2) 高阶约定:D2.buildSceneTimeline(R
  Mapped fonts: andale mono → jetbrains-mono, archivo black → archivo-black, arial black → montserrat, arial → inter, avenir next → inter, avenir → inter, bebas neue → league-gothic, book antiqua → eb-garamond, calibri → inter, cambria → eb-garamond, candara → inter, consolas → jetbrains-mono, corbel → inter, courier new → jetbrains-mono, courier → jetbrains-mono, dejavu sans mono → jetbrains-mono, dejavu sans → inter, dejavu serif → eb-garamond, din alternate → montserrat, eb garamond → eb-garamond, futura → montserrat, garamond → eb-garamond, geneva → inter, georgia → eb-garamond, helvetica bold → inter, helvetica neue → inter, helvetica → inter, ibm plex mono → ibm-plex-mono, inter, jetbrains mono → jetbrains-mono, lato, league gothic → league-gothic, liberation mono → jetbrains-mono, liberation sans → inter, liberation serif → eb-garamond, lucida console → jetbrains-mono, lucida grande → inter, lucida sans typewriter → jetbrains-mono, lucida sans unicode → inter, lucida sans → inter, menlo → jetbrains-mono, monaco → jetbrains-mono, montserrat, noto sans japanese → noto-sans-jp, noto sans jp → noto-sans-jp, noto sans → inter, nunito, open sans → open-sans, optima → inter, oswald, outfit, palatino linotype → eb-garamond, palatino → eb-garamond, playfair display → playfair-display, poppins, roboto, segoe ui → roboto, sf mono → jetbrains-mono, sf pro display → inter, sf pro rounded → inter, sf pro text → inter, sf pro → inter, source code pro → source-code-pro, space mono → space-mono, tahoma → inter, times new roman → eb-garamond, times → eb-garamond, trebuchet ms → inter, verdana → inter
  To fix, pick one:
    1. Use a mapped font name instead (see list above)
    2. Add a @font-face block in your HTML with a local or hosted font file
    3. Install the font locally on the render machine (Docker: add to Dockerfile)
    4. Add an alias to FONT_ALIAS_MAP in packages/core/src/fonts/aliases.ts (for contributors)
  Docs: https://hyperframes.heygen.com/docs/fonts
[hyperframes] browserGpuMode auto → hardware (WebGL probe succeeded)
[hyperframes] browserGpuMode auto → hardware (WebGL probe succeeded)
