[hyperframes] Using system Chrome at /usr/bin/google-chrome; HeadlessExperimental.beginFrame is unavailable in regular Chrome builds, so the perf-optimized capture path falls back to screenshot mode. Install chrome-headless-shell for the optimized path:
  npx @puppeteer/browsers install chrome-headless-shell
(Or set HYPERFRAMES_BROWSER_PATH to point at an existing chrome-headless-shell binary.)
	not a dynamic executable
[hyperframes] browserGpuMode auto → software (WebGL renderer vendor="Google Inc. (Mesa)" renderer="ANGLE (Mesa, llvmpipe (LLVM 20.1.2 256 bits), OpenGL ES 3.2)")
[hyperframes] Using system Chrome at /usr/bin/google-chrome; HeadlessExperimental.beginFrame is unavailable in regular Chrome builds, so the perf-optimized capture path falls back to screenshot mode. Install chrome-headless-shell for the optimized path:
  npx @puppeteer/browsers install chrome-headless-shell
(Or set HYPERFRAMES_BROWSER_PATH to point at an existing chrome-headless-shell binary.)
	not a dynamic executable
[hyperframes] browserGpuMode auto → software (WebGL renderer vendor="Google Inc. (Mesa)" renderer="ANGLE (Mesa, llvmpipe (LLVM 20.1.2 256 bits), OpenGL ES 3.2)")
[hyperframes] Using system Chrome at /usr/bin/google-chrome; HeadlessExperimental.beginFrame is unavailable in regular Chrome builds, so the perf-optimized capture path falls back to screenshot mode. Install chrome-headless-shell for the optimized path:
  npx @puppeteer/browsers install chrome-headless-shell
(Or set HYPERFRAMES_BROWSER_PATH to point at an existing chrome-headless-shell binary.)
	not a dynamic executable
[hyperframes] browserGpuMode auto → software (WebGL renderer vendor="Google Inc. (Mesa)" renderer="ANGLE (Mesa, llvmpipe (LLVM 20.1.2 256 bits), OpenGL ES 3.2)")
[hyperframes] Using system Chrome at /usr/bin/google-chrome; HeadlessExperimental.beginFrame is unavailable in regular Chrome builds, so the perf-optimized capture path falls back to screenshot mode. Install chrome-headless-shell for the optimized path:
  npx @puppeteer/browsers install chrome-headless-shell
(Or set HYPERFRAMES_BROWSER_PATH to point at an existing chrome-headless-shell binary.)
	not a dynamic executable
[hyperframes] browserGpuMode auto → software (WebGL renderer vendor="Google Inc. (Mesa)" renderer="ANGLE (Mesa, llvmpipe (LLVM 20.1.2 256 bits), OpenGL ES 3.2)")
[hyperframes] Using system Chrome at /usr/bin/google-chrome; HeadlessExperimental.beginFrame is unavailable in regular Chrome builds, so the perf-optimized capture path falls back to screenshot mode. Install chrome-headless-shell for the optimized path:
  npx @puppeteer/browsers install chrome-headless-shell
(Or set HYPERFRAMES_BROWSER_PATH to point at an existing chrome-headless-shell binary.)
	not a dynamic executable
[hyperframes] browserGpuMode auto → software (WebGL renderer vendor="Google Inc. (Mesa)" renderer="ANGLE (Mesa, llvmpipe (LLVM 20.1.2 256 bits), OpenGL ES 3.2)")
